**********************
Windows PowerShell transcript start
Start time: 20200416212735
Username: HCLTECH\NaveenkumarVe
RunAs User: HCLTECH\NaveenkumarVe
Configuration Name: 
Machine: LP-5CD9288MWB (Microsoft Windows NT 10.0.17134.0)
Host Application: powershell
Process ID: 16928
PSVersion: 5.1.17134.858
PSEdition: Desktop
PSCompatibleVersions: 1.0, 2.0, 3.0, 4.0, 5.0, 5.1.17134.858
BuildVersion: 10.0.17134.858
CLRVersion: 4.0.30319.42000
WSManStackVersion: 3.0
PSRemotingProtocolVersion: 2.3
SerializationVersion: 1.1.0.1
**********************
Transcript started, output file is C:\Users\naveenkumarve\Documents\PowerShell_transcript.LP-5CD9288MWB.iPufoQ7L.20200416212735.txt
PS C:\Users\naveenkumarve\Desktop\vaggy\multi> vagrant up
Bringing machine 'puppetagent-1' up with 'virtualbox' provider...
==> puppetagent-1: Checking if box 'bento/centos-7.2' version '2.3.1' is up to date...
==> puppetagent-1: There was a problem while downloading the metadata for your box
==> puppetagent-1: to check for updates. This is not an error, since it is usually due
==> puppetagent-1: to temporary network problems. This is just a warning. The problem
==> puppetagent-1: encountered was:
==> puppetagent-1:
==> puppetagent-1: SSL certificate problem: unable to get local issuer certificate
==> puppetagent-1:
==> puppetagent-1: If you want to check for box updates, verify your network connection
==> puppetagent-1: is valid and try again.
==> puppetagent-1: Clearing any previously set forwarded ports...
==> puppetagent-1: Vagrant has detected a configuration issue which exposes a
==> puppetagent-1: vulnerability with the installed version of VirtualBox. The
==> puppetagent-1: current guest is configured to use an E1000 NIC type for a
==> puppetagent-1: network adapter which is vulnerable in this version of VirtualBox.
==> puppetagent-1: Ensure the guest is trusted to use this configuration or update
==> puppetagent-1: the NIC type using one of the methods below:
==> puppetagent-1:
==> puppetagent-1:   https://www.vagrantup.com/docs/virtualbox/configuration.html#default-nic-type
==> puppetagent-1:   https://www.vagrantup.com/docs/virtualbox/networking.html#virtualbox-nic-type
==> puppetagent-1: Clearing any previously set network interfaces...
==> puppetagent-1: Preparing network interfaces based on configuration...
    puppetagent-1: Adapter 1: nat
    puppetagent-1: Adapter 2: hostonly
==> puppetagent-1: Forwarding ports...
    puppetagent-1: 80 (guest) => 8080 (host) (adapter 1)
    puppetagent-1: 22 (guest) => 2222 (host) (adapter 1)
==> puppetagent-1: Booting VM...
==> puppetagent-1: Waiting for machine to boot. This may take a few minutes...
    puppetagent-1: SSH address: 127.0.0.1:2222
    puppetagent-1: SSH username: vagrant
    puppetagent-1: SSH auth method: private key
    puppetagent-1: Warning: Connection reset. Retrying...
==> puppetagent-1: Machine booted and ready!
[puppetagent-1] GuestAdditions 5.2.10 running --- OK.
==> puppetagent-1: Checking for guest additions in VM...
==> puppetagent-1: Setting hostname...
==> puppetagent-1: Configuring and enabling network interfaces...
==> puppetagent-1: Mounting shared folders...
    puppetagent-1: /home/vagrant/test => C:/Users/naveenkumarve/Desktop/vaggy/multi
==> puppetagent-1: Machine already provisioned. Run `vagrant provision` or use the `--provision`
==> puppetagent-1: flag to force provisioning. Provisioners marked to run always will still run.
PS C:\Users\naveenkumarve\Desktop\vaggy\multi> putty
PS C:\Users\naveenkumarve\Desktop\vaggy\multi> vscode
vscode : The term 'vscode' is not recognized as the name of a cmdlet, function, script file, or operable program. Check 
the spelling of the name, or if a path was included, verify that the path is correct and try again.
At line:1 char:1
+ vscode
+ ~~~~~~
    + CategoryInfo          : ObjectNotFound: (vscode:String) [], CommandNotFoundException
    + FullyQualifiedErrorId : CommandNotFoundException
vscode : The term 'vscode' is not recognized as the name of a cmdlet, function, script file, or operable program.
Check the spelling of the name, or if a path was included, verify that the path is correct and try again.
At line:1 char:1
+ vscode
+ ~~~~~~
    + CategoryInfo          : ObjectNotFound: (vscode:String) [], CommandNotFoundException
    + FullyQualifiedErrorId : CommandNotFoundException

PS C:\Users\naveenkumarve\Desktop\vaggy\multi> visualcode
visualcode : The term 'visualcode' is not recognized as the name of a cmdlet, function, script file, or operable 
program. Check the spelling of the name, or if a path was included, verify that the path is correct and try again.
At line:1 char:1
+ visualcode
+ ~~~~~~~~~~
    + CategoryInfo          : ObjectNotFound: (visualcode:String) [], CommandNotFoundException
    + FullyQualifiedErrorId : CommandNotFoundException
visualcode : The term 'visualcode' is not recognized as the name of a cmdlet, function, script file, or operable
program. Check the spelling of the name, or if a path was included, verify that the path is correct and try again.
At line:1 char:1
+ visualcode
+ ~~~~~~~~~~
    + CategoryInfo          : ObjectNotFound: (visualcode:String) [], CommandNotFoundException
    + FullyQualifiedErrorId : CommandNotFoundException

PS C:\Users\naveenkumarve\Desktop\vaggy\multi> code --

PS C:\Users\naveenkumarve\Desktop\vaggy\multi> ssh-keygen
Generating public/private rsa key pair.
Enter file in which to save the key (C:\Users\naveenkumarve/.ssh/id_rsa): vagkey
Enter passphrase (empty for no passphrase):
Enter same passphrase again:
Saving key "vagkey" failed: passphrase is too short (minimum five characters)
PS C:\Users\naveenkumarve\Desktop\vaggy\multi> ssh-keygen
Generating public/private rsa key pair.
Enter file in which to save the key (C:\Users\naveenkumarve/.ssh/id_rsa): vagkey
Enter passphrase (empty for no passphrase):
Enter same passphrase again:
Your identification has been saved in vagkey.
Your public key has been saved in vagkey.pub.
The key fingerprint is:
SHA256:kKq4mPEjJGLuh6A9D9MBbbVvd/lp7DOC/M4+lCkv7z8 naveenkumarve@hcltech@LP-5CD9288MWB
The key's randomart image is:
+---[RSA 2048]----+
|      .          |
|   . . o         |
|  . o +          |
|   o . o     .   |
|    o   S . oo   |
|++ o . . ...+o . |
|@.= .    . =  =  |
|+B++      +.+oE  |
|=oo+.      BB+o+ |
+----[SHA256]-----+
PS C:\Users\naveenkumarve\Desktop\vaggy\multi> vagrant reload puppetagent-1
There are errors in the configuration of this machine. Please fix
the following errors and try again:

File provisioner:
* File upload source file C:/Users/naveenkumarve/Desktop/vaggy/multi/vagrant_rsa.pub must exist

Vagrant:
* Unknown configuration section 'private_key_path='.
PS C:\Users\naveenkumarve\Desktop\vaggy\multi> vagrant reload puppetagent-1
There are errors in the configuration of this machine. Please fix
the following errors and try again:

File provisioner:
* File upload source file C:/Users/naveenkumarve/Desktop/vaggy/multi/vagrant_rsa.pub must exist

Vagrant:
* Unknown configuration section 'private_key_path='.
PS C:\Users\naveenkumarve\Desktop\vaggy\multi> vagrant@127.0.0.1 -p 2222
vagrant@127.0.0.1 : The term 'vagrant@127.0.0.1' is not recognized as the name of a cmdlet, function, script file, or 
operable program. Check the spelling of the name, or if a path was included, verify that the path is correct and try 
again.
At line:1 char:1
+ vagrant@127.0.0.1 -p 2222
+ ~~~~~~~~~~~~~~~~~
    + CategoryInfo          : ObjectNotFound: (vagrant@127.0.0.1:String) [], CommandNotFoundException
    + FullyQualifiedErrorId : CommandNotFoundException
vagrant@127.0.0.1 : The term 'vagrant@127.0.0.1' is not recognized as the name of a cmdlet, function, script file, or
operable program. Check the spelling of the name, or if a path was included, verify that the path is correct and try
again.
At line:1 char:1
+ vagrant@127.0.0.1 -p 2222
+ ~~~~~~~~~~~~~~~~~
    + CategoryInfo          : ObjectNotFound: (vagrant@127.0.0.1:String) [], CommandNotFoundException
    + FullyQualifiedErrorId : CommandNotFoundException

PS C:\Users\naveenkumarve\Desktop\vaggy\multi> "C:\Program Files\PuTTY\putty.exe" -ssh root@127.0.0.1 -p 2222
At line:1 char:36
+ "C:\Program Files\PuTTY\putty.exe" -ssh root@127.0.0.1 -p 2222
+                                    ~~~~
Unexpected token '-ssh' in expression or statement.

At line:1 char:41
+ "C:\Program Files\PuTTY\putty.exe" -ssh root@127.0.0.1 -p 2222
+                                         ~~~~~~~~~~~~~~
Unexpected token 'root@127.0.0.1' in expression or statement.
At line:1 char:36
+ "C:\Program Files\PuTTY\putty.exe" -ssh root@127.0.0.1 -p 2222
+                                    ~~~~
Unexpected token '-ssh' in expression or statement.

At line:1 char:41
+ "C:\Program Files\PuTTY\putty.exe" -ssh root@127.0.0.1 -p 2222
+                                         ~~~~~~~~~~~~~~
Unexpected token 'root@127.0.0.1' in expression or statement.
    + CategoryInfo          : ParserError: (:) [], ParentContainsErrorRecordException
    + FullyQualifiedErrorId : UnexpectedToken

PS C:\Users\naveenkumarve\Desktop\vaggy\multi> "C:\Program Files\PuTTY\putty.exe" -ssh root@127.0.0.1 2222
At line:1 char:36
+ "C:\Program Files\PuTTY\putty.exe" -ssh root@127.0.0.1 2222
+                                    ~~~~
Unexpected token '-ssh' in expression or statement.

At line:1 char:41
+ "C:\Program Files\PuTTY\putty.exe" -ssh root@127.0.0.1 2222
+                                         ~~~~~~~~~~~~~~
Unexpected token 'root@127.0.0.1' in expression or statement.
At line:1 char:36
+ "C:\Program Files\PuTTY\putty.exe" -ssh root@127.0.0.1 2222
+                                    ~~~~
Unexpected token '-ssh' in expression or statement.

At line:1 char:41
+ "C:\Program Files\PuTTY\putty.exe" -ssh root@127.0.0.1 2222
+                                         ~~~~~~~~~~~~~~
Unexpected token 'root@127.0.0.1' in expression or statement.
    + CategoryInfo          : ParserError: (:) [], ParentContainsErrorRecordException
    + FullyQualifiedErrorId : UnexpectedToken

PS C:\Users\naveenkumarve\Desktop\vaggy\multi> "C:\Program Files\PuTTY\putty.exe" -ssh root@127.0.0.1 2222
At line:1 char:36
+ "C:\Program Files\PuTTY\putty.exe" -ssh root@127.0.0.1 2222
+                                    ~~~~
Unexpected token '-ssh' in expression or statement.

At line:1 char:41
+ "C:\Program Files\PuTTY\putty.exe" -ssh root@127.0.0.1 2222
+                                         ~~~~~~~~~~~~~~
Unexpected token 'root@127.0.0.1' in expression or statement.
At line:1 char:36
+ "C:\Program Files\PuTTY\putty.exe" -ssh root@127.0.0.1 2222
+                                    ~~~~
Unexpected token '-ssh' in expression or statement.

At line:1 char:41
+ "C:\Program Files\PuTTY\putty.exe" -ssh root@127.0.0.1 2222
+                                         ~~~~~~~~~~~~~~
Unexpected token 'root@127.0.0.1' in expression or statement.
    + CategoryInfo          : ParserError: (:) [], ParentContainsErrorRecordException
    + FullyQualifiedErrorId : UnexpectedToken

PS C:\Users\naveenkumarve\Desktop\vaggy\multi> vagrant plugin install vagrant-vbguest
Installing the 'vagrant-vbguest' plugin. This can take a few minutes...
Installed the plugin 'vagrant-vbguest (0.23.0)'!
PS C:\Users\naveenkumarve\Desktop\vaggy\multi> ls


    Directory: C:\Users\naveenkumarve\Desktop\vaggy\multi


Mode                LastWriteTime         Length Name
----                -------------         ------ ----
d-----         4/2/2020   3:02 PM                .vagrant
d-----        4/13/2020   4:23 PM                testing
-a----         4/2/2020   7:40 PM              8 helloworld.txt
-a----        4/16/2020  10:09 PM            246 ins.sh
-a----         4/4/2020   3:16 PM            716 install.sh
-a----        4/17/2020   3:16 PM          70590 output_log.txt
-a----        4/13/2020   4:41 PM             23 sample.txt
-a----        4/17/2020   2:33 PM           1766 vagkey
-a----        4/17/2020   2:33 PM            418 vagkey.pub
-a----        4/17/2020   3:15 PM            653 Vagrantfile


PS C:\Users\naveenkumarve\Desktop\vaggy\multi> vboxmanage list vms
vboxmanage : The term 'vboxmanage' is not recognized as the name of a cmdlet, function, script file, or operable 
program. Check the spelling of the name, or if a path was included, verify that the path is correct and try again.
At line:1 char:1
+ vboxmanage list vms
+ ~~~~~~~~~~
    + CategoryInfo          : ObjectNotFound: (vboxmanage:String) [], CommandNotFoundException
    + FullyQualifiedErrorId : CommandNotFoundException
vboxmanage : The term 'vboxmanage' is not recognized as the name of a cmdlet, function, script file, or operable program. Check the spelling of the name, or if a path
was included, verify that the path is correct and try again.
At line:1 char:1
+ vboxmanage list vms
+ ~~~~~~~~~~
    + CategoryInfo          : ObjectNotFound: (vboxmanage:String) [], CommandNotFoundException
    + FullyQualifiedErrorId : CommandNotFoundException

PS C:\Users\naveenkumarve\Desktop\vaggy\multi> cls
PS C:\Users\naveenkumarve\Desktop\vaggy\multi> vagrant package --base multi_puppetagent-1_1585821016154_43818 --output centos7.box
    multi_puppetagent-1_1585821016154_43818: Guest communication could not be established! This is usually because
    multi_puppetagent-1_1585821016154_43818: SSH is not running, the authentication information was changed,
    multi_puppetagent-1_1585821016154_43818: or some other networking issue. Vagrant will force halt, if
    multi_puppetagent-1_1585821016154_43818: capable.
==> multi_puppetagent-1_1585821016154_43818: Forcing shutdown of VM...
==> multi_puppetagent-1_1585821016154_43818: Clearing any previously set forwarded ports...
==> multi_puppetagent-1_1585821016154_43818: Exporting VM...
==> multi_puppetagent-1_1585821016154_43818: Compressing package to: C:/Users/naveenkumarve/Desktop/vaggy/multi/centos7.box
